> Task :app:preBuild UP-TO-DATE
> Task :app:preDebugBuild UP-TO-DATE
> Task :app:mergeDebugNativeDebugMetadata NO-SOURCE
> Task :app:checkKotlinGradlePluginConfigurationErrors SKIPPED
> Task :app:checkDebugAarMetadata UP-TO-DATE
> Task :app:processDebugNavigationResources UP-TO-DATE
> Task :app:compileDebugNavigationResources UP-TO-DATE
> Task :app:generateDebugResValues UP-TO-DATE
> Task :app:mapDebugSourceSetPaths UP-TO-DATE
> Task :app:generateDebugResources UP-TO-DATE
> Task :app:mergeDebugResources UP-TO-DATE
> Task :app:packageDebugResources UP-TO-DATE
> Task :app:parseDebugLocalResources UP-TO-DATE
> Task :app:createDebugCompatibleScreenManifests UP-TO-DATE
> Task :app:extractDeepLinksDebug UP-TO-DATE
> Task :app:processDebugMainManifest UP-TO-DATE
> Task :app:processDebugManifest UP-TO-DATE
> Task :app:processDebugManifestForPackage UP-TO-DATE
> Task :app:processDebugResources UP-TO-DATE
> Task :app:javaPreCompileDebug UP-TO-DATE
> Task :app:mergeDebugShaders UP-TO-DATE
> Task :app:compileDebugShaders NO-SOURCE
> Task :app:generateDebugAssets UP-TO-DATE
> Task :app:mergeDebugAssets UP-TO-DATE
> Task :app:compressDebugAssets UP-TO-DATE
> Task :app:desugarDebugFileDependencies UP-TO-DATE
> Task :app:checkDebugDuplicateClasses UP-TO-DATE
> Task :app:mergeExtDexDebug UP-TO-DATE
> Task :app:mergeLibDexDebug UP-TO-DATE
> Task :app:mergeDebugJniLibFolders UP-TO-DATE
> Task :app:mergeDebugNativeLibs UP-TO-DATE
> Task :app:stripDebugDebugSymbols UP-TO-DATE
> Task :app:validateSigningDebug UP-TO-DATE
> Task :app:writeDebugAppMetadata UP-TO-DATE
> Task :app:writeDebugSigningConfigVersions UP-TO-DATE

> Task :app:compileDebugKotlin FAILED
./gradlew : e: file:///D:/Hackathons/SafeSphere/Hac
kss-main/Hackss-main/Hackss-main/app/src/main/java/
com/runanywhere/startup_hackathon20/ui/DataMapScree
n.kt:386:17 Overload resolution ambiguity between 
candidates:
At line:1 char:1
+ ./gradlew assembleDebug --console=plain 2>&1 | 
Out-File -FilePath "bu ...
+ ~~~~~~~~~~~~~~~~~~~~~~~~~~~~~~~~~~~~~~~~~~~~
    + CategoryInfo          : NotSpecified: (e: fi 
   le:///D:/H...een candidates::String) [], Remot  
  eException
    + FullyQualifiedErrorId : NativeCommandError
 
fun MiniStatCard(icon: String, value: String, 
label: String, color: Color, modifier: Modifier = 
...): Unit
fun MiniStatCard(icon: String, value: String, 
label: String, color: Color, modifier: Modifier = 
...): Unit
e: file:///D:/Hackathons/SafeSphere/Hackss-main/Hac
kss-main/Hackss-main/app/src/main/java/com/runanywh
ere/startup_hackathon20/ui/DataMapScreen.kt:394:17 
Overload resolution ambiguity between candidates:
fun MiniStatCard(icon: String, value: String, 
label: String, color: Color, modifier: Modifier = 
...): Unit
fun MiniStatCard(icon: String, value: String, 
label: String, color: Color, modifier: Modifier = 
...): Unit
e: file:///D:/Hackathons/SafeSphere/Hackss-main/Hac
kss-main/Hackss-main/app/src/main/java/com/runanywh
ere/startup_hackathon20/ui/DataMapScreen.kt:409:17 
Overload resolution ambiguity between candidates:
fun MiniStatCard(icon: String, value: String, 
label: String, color: Color, modifier: Modifier = 
...): Unit
fun MiniStatCard(icon: String, value: String, 
label: String, color: Color, modifier: Modifier = 
...): Unit
e: file:///D:/Hackathons/SafeSphere/Hackss-main/Hac
kss-main/Hackss-main/app/src/main/java/com/runanywh
ere/startup_hackathon20/ui/DataMapScreen.kt:417:17 
Overload resolution ambiguity between candidates:
fun MiniStatCard(icon: String, value: String, 
label: String, color: Color, modifier: Modifier = 
...): Unit
fun MiniStatCard(icon: String, value: String, 
label: String, color: Color, modifier: Modifier = 
...): Unit
e: file:///D:/Hackathons/SafeSphere/Hackss-main/Hac
kss-main/Hackss-main/app/src/main/java/com/runanywh
ere/startup_hackathon20/ui/DataMapScreen.kt:432:1 
Conflicting overloads:
fun MiniStatCard(icon: String, value: String, 
label: String, color: Color, modifier: Modifier = 
...): Unit

[Incubating] Problems report is available at: file:///D:/Hackathons/SafeSphere/Hackss-main/Hackss-main/Hackss-main/build/reports/problems/problems-report.html

FAILURE: Build failed with an exception.

* What went wrong:
Execution failed for task 
':app:compileDebugKotlin'.
> A failure occurred while executing org.jetbrains.
kotlin.compilerRunner.GradleCompilerRunnerWithWorke
rs$GradleKotlinCompilerWorkAction
   > Compilation error. See log for more details

* Try:
> Run with --stacktrace option to get the stack 
trace.
> Run with --info or --debug option to get more 
log output.
> Run with --scan to get full insights.
> Get more help at https://help.gradle.org.

Deprecated Gradle features were used in this build, making it incompatible with Gradle 9.0.

You can use '--warning-mode all' to show the individual deprecation warnings and determine if they come from your own scripts or plugins.

For more on this, please refer to https://docs.gradle.org/8.13/userguide/command_line_interface.html#sec:command_line_warnings in the Gradle documentation.

BUILD FAILED in 12s
30 actionable tasks: 1 executed, 29 up-to-date
